// Jest Snapshot v1, https://goo.gl/fbAQLP

exports[`Pruebas en el HookApp Debe mostrar el componente <HookApp/> correctamente 1`] = `
<div>
  <h1>
    Hola mundo
  </h1>
</div>
`;
