// Jest Snapshot v1, https://goo.gl/fbAQLP

exports[`Pruebas en el HomeScreen Debe de mostrarse correctamente el <HomeScreen /> 1`] = `
<div>
  <h1>
    HomeScreen
  </h1>
  <hr />
  <pre>
    {
   "name": "Arturo",
   "email": "damonbalam@gmail.com"
}
  </pre>
</div>
`;
